[preview.colorlib.com/theme/counselor/index.html]
[backblue.gif]
[fade.gif]
[index.html]
[stackpath.bootstrapcdn.com/font-awesome/4.7.0/css/font-awesome.min.css]
[preview.colorlib.com/theme/counselor/css/animate.css]
[preview.colorlib.com/theme/counselor/css/owl.carousel.min.css]
[preview.colorlib.com/theme/counselor/css/owl.theme.default.min.css]
[preview.colorlib.com/theme/counselor/css/magnific-popup.css]
[preview.colorlib.com/theme/counselor/css/flaticon.css]
[preview.colorlib.com/theme/counselor/css/style.css]
[preview.colorlib.com/theme/counselor/about.html]
[preview.colorlib.com/theme/counselor/counselor.html]
[preview.colorlib.com/theme/counselor/services.html]
[preview.colorlib.com/theme/counselor/pricing.html]
[preview.colorlib.com/theme/counselor/blog.html]
[preview.colorlib.com/theme/counselor/contact.html]
[preview.colorlib.com/theme/counselor/images/bg_1.jpg]
[preview.colorlib.com/theme/counselor/images/about-1.jpg]
[preview.colorlib.com/theme/counselor/images/services-1.jpg]
[preview.colorlib.com/theme/counselor/images/services-2.jpg]
[preview.colorlib.com/theme/counselor/images/services-3.jpg]
[preview.colorlib.com/theme/counselor/images/services-4.jpg]
[preview.colorlib.com/theme/counselor/images/services-5.jpg]
[preview.colorlib.com/theme/counselor/images/services-6.jpg]
[preview.colorlib.com/theme/counselor/images/bg_4.jpg]
[preview.colorlib.com/theme/counselor/images/person_1.jpg]
[preview.colorlib.com/theme/counselor/images/person_2.jpg]
[preview.colorlib.com/theme/counselor/images/person_3.jpg]
[preview.colorlib.com/theme/counselor/images/bg_2.jpg]
[preview.colorlib.com/theme/counselor/blog-single.html]
[preview.colorlib.com/theme/counselor/images/image_1.jpg]
[preview.colorlib.com/theme/counselor/images/image_2.jpg]
[preview.colorlib.com/theme/counselor/images/image_3.jpg]
[preview.colorlib.com/cdn-cgi/scripts/5c5dd728/cloudflare-static/email-decode.min.js]
[preview.colorlib.com/theme/counselor/js/jquery.min.js]
[preview.colorlib.com/theme/counselor/js/jquery-migrate-3.0.1.min.js]
[preview.colorlib.com/theme/counselor/js/popper.min.js]
[preview.colorlib.com/theme/counselor/js/bootstrap.min.js]
[preview.colorlib.com/theme/counselor/js/jquery.easing.1.3.js]
[preview.colorlib.com/theme/counselor/js/jquery.waypoints.min.js]
[preview.colorlib.com/theme/counselor/js/jquery.stellar.min.js]
[preview.colorlib.com/theme/counselor/js/owl.carousel.min.js]
[preview.colorlib.com/theme/counselor/js/jquery.magnific-popup.min.js]
[preview.colorlib.com/theme/counselor/js/jquery.animateNumber.min.js]
[preview.colorlib.com/theme/counselor/js/scrollax.min.js]
[preview.colorlib.com/theme/counselor/js/google-map.js]
[preview.colorlib.com/theme/counselor/js/main.js]
[preview.colorlib.com/theme/counselor/index.html]
[stackpath.bootstrapcdn.com/font-awesome/4.7.0/css/font-awesome.min.css]
[preview.colorlib.com/theme/counselor/css/animate.css]
[preview.colorlib.com/theme/counselor/css/owl.video.play.png]
[preview.colorlib.com/theme/counselor/css/owl.carousel.min.css]
[preview.colorlib.com/theme/counselor/css/owl.theme.default.min.css]
[preview.colorlib.com/theme/counselor/css/magnific-popup.css]
[preview.colorlib.com/theme/counselor/fonts/flaticon/font/Flaticon.eot]
[preview.colorlib.com/theme/counselor/fonts/flaticon/font/Flaticond41d.eot]
[preview.colorlib.com/theme/counselor/fonts/flaticon/font/Flaticon.woff]
[preview.colorlib.com/theme/counselor/fonts/flaticon/font/Flaticon.ttf]
[preview.colorlib.com/theme/counselor/css/flaticon.css]
[preview.colorlib.com/theme/counselor/css/style.css]
[preview.colorlib.com/theme/counselor/fonts/flaticon/font/Flaticon.svg]
[preview.colorlib.com/theme/counselor/images/bg_5.jpg]
[preview.colorlib.com/theme/counselor/about.html]
[preview.colorlib.com/theme/counselor/images/staff-1.jpg]
[preview.colorlib.com/theme/counselor/images/staff-2.jpg]
[preview.colorlib.com/theme/counselor/images/staff-3.jpg]
[preview.colorlib.com/theme/counselor/images/staff-4.jpg]
[preview.colorlib.com/theme/counselor/images/staff-5.jpg]
[preview.colorlib.com/theme/counselor/images/staff-6.jpg]
[preview.colorlib.com/theme/counselor/images/staff-7.jpg]
[preview.colorlib.com/theme/counselor/images/staff-8.jpg]
[preview.colorlib.com/theme/counselor/counselor.html]
[preview.colorlib.com/theme/counselor/services.html]
[preview.colorlib.com/theme/counselor/pricing.html]
[preview.colorlib.com/theme/counselor/images/image_4.jpg]
[preview.colorlib.com/theme/counselor/images/image_5.jpg]
[preview.colorlib.com/theme/counselor/images/image_6.jpg]
[preview.colorlib.com/theme/counselor/images/image_7.jpg]
[preview.colorlib.com/theme/counselor/images/image_8.jpg]
[preview.colorlib.com/theme/counselor/images/image_9.jpg]
[preview.colorlib.com/theme/counselor/blog.html]
[preview.colorlib.com/theme/counselor/contact.html]
[preview.colorlib.com/theme/counselor/blog-single.html]
[preview.colorlib.com/theme/counselor/css/owl.video.play.html]
[preview.colorlib.com/theme/counselor/fonts/flaticon/font/Flaticon.svg]
